unji09070981@c6r7s3 Codyssey-E1-1 % ssh-keygen -t ed25519 -C "unji09@github"  
Generating public/private ed25519 key pair.
Enter file in which to save the key (/Users/unji09070981/.ssh/id_ed25519): 
Enter passphrase for "/Users/unji09070981/.ssh/id_ed25519" (empty for no passphrase): 
Enter same passphrase again: 
Your identification has been saved in /Users/unji09070981/.ssh/id_ed25519
Your public key has been saved in /Users/unji09070981/.ssh/id_ed25519.pub
The key fingerprint is:
SHA256: unji09@github
The key's randomart image is:
+--[ED25519 256]--+
|        .oo.=+o  |
|   . o   .o= o   |
|  . =    o+ =    |
|   *   .oo + o   |
|    E .=So  o .  |
|     o..=o.= .   |
|      =...o = .  |
|     o.= ....o   |
|   .+.. . .oo.   |
+----[SHA256]-----+
unji09070981@c6r7s3 Codyssey-E1-1 % ls -al ~/.ssh
total 24
drwxr-xr-x   5 unji09070981  unji09070981  160  8  3 11:03 .
drwxr-x---+ 21 unji09070981  unji09070981  672  8  3 11:01 ..
-rw-r--r--   1 unji09070981  unji09070981  210  8  3 08:40 config
-rw-------   1 unji09070981  unji09070981  399  8  3 11:03 id_ed25519
-rw-r--r--   1 unji09070981  unji09070981   95  8  3 11:03 id_ed25519.pub
unji09070981@c6r7s3 Codyssey-E1-1 % cat ~/.ssh/id_ed25519.pub 
ssh-ed25519 **************** unji09@github
unji09070981@c6r7s3 Codyssey-E1-1 % ssh -T git@github.com
The authenticity of host 'github.com (20.200.245.247)' can't be established.
ED25519 key fingerprint is SHA256
This key is not known by any other names.
Are you sure you want to continue connecting (yes/no/[fingerprint])? yes
Warning: Permanently added 'github.com' (ED25519) to the list of known hosts.
Hi unji09! You've successfully authenticated, but GitHub does not provide shell access.
unji09070981@c6r7s3 Codyssey-E1-1 % git remote -v
origin	https://github.com/unji09/Codyssey-E1-1 (fetch)
origin	https://github.com/unji09/Codyssey-E1-1 (push)
unji09070981@c6r7s3 Codyssey-E1-1 % git remote set-url origin git@github.com:unji09/Codyssey-E1-1.git
unji09070981@c6r7s3 Codyssey-E1-1 % git remote -v
origin	git@github.com:unji09/Codyssey-E1-1.git (fetch)
origin	git@github.com:unji09/Codyssey-E1-1.git (push)
